../Core/Src/main.c:75:6:HCSR04_Read	8	static
../Core/Src/main.c:82:6:HAL_TIM_IC_CaptureCallback	48	static
../Core/Src/main.c:107:6:HAL_UART_RxCpltCallback	16	static
../Core/Src/main.c:126:5:main	16	static
../Core/Src/main.c:175:6:SystemClock_Config	88	static
../Core/Src/main.c:222:13:MX_TIM2_Init	48	static
../Core/Src/main.c:280:13:MX_USART1_UART_Init	8	static
../Core/Src/main.c:313:13:MX_USART2_UART_Init	8	static
../Core/Src/main.c:346:13:MX_GPIO_Init	48	static
../Core/Src/main.c:396:6:Error_Handler	4	static,ignoring_inline_asm
